// Jest Snapshot v1, https://goo.gl/fbAQLP

exports[`Talkee renders correctly 1`] = `
VueWrapper {
  "_emitted": Object {
    "error": Array [
      Array [
        "missing params!",
      ],
    ],
    "hook:beforeMount": Array [
      Array [],
    ],
    "hook:created": Array [
      Array [],
    ],
    "hook:mounted": Array [
      Array [],
    ],
    "init": Array [
      Array [
        Object {
          "apiBase": null,
          "commentHeight": "50vh",
          "commentLength": 512,
          "isLogin": false,
          "loginUrl": null,
          "nestedId": "",
          "prefixCls": "talkee",
          "siteId": null,
          "slug": null,
        },
      ],
    ],
  },
  "_emittedByOrder": Array [
    Object {
      "args": Array [],
      "name": "hook:created",
    },
    Object {
      "args": Array [
        "missing params!",
      ],
      "name": "error",
    },
    Object {
      "args": Array [],
      "name": "hook:beforeMount",
    },
    Object {
      "args": Array [
        Object {
          "apiBase": null,
          "commentHeight": "50vh",
          "commentLength": 512,
          "isLogin": false,
          "loginUrl": null,
          "nestedId": "",
          "prefixCls": "talkee",
          "siteId": null,
          "slug": null,
        },
      ],
      "name": "init",
    },
    Object {
      "args": Array [],
      "name": "hook:mounted",
    },
  ],
  "isFunctionalComponent": undefined,
}
`;
