// Jest Snapshot v1, https://goo.gl/fbAQLP

exports[`Talkee renders a div 1`] = `
VueWrapper {
  "_emitted": Object {
    "init": Array [
      Array [
        Talkee {
          "_isLogin": false,
          "apiBase": "",
          "applySortMethod": [Function],
          "auth": [Function],
          "buildCommentUI": [Function],
          "buildEditorUI": [Function],
          "buildLoadingUI": [Function],
          "buildLoginURL": [Function],
          "buildTalkeeUI": [Function],
          "checkTextareaStatus": [Function],
          "components": Object {},
          "container": null,
          "defaultAvatarUrl": "",
          "editorArea": null,
          "expandable": false,
          "init": [Function],
          "isSigned": false,
          "itemPerPage": 10,
          "loginUrl": "",
          "opts": Object {
            "apiBase": "https://talkee-test-api.firesbox.com/api",
            "commentSelector": "#talkee",
            "expandable": true,
            "hidePaginationWhenSinglePage": true,
            "loginRedirect": false,
            "loginUrl": "https://mixin-oauth.firesbox.com/?client_id=65fdd5af-5d3f-496a-9d62-b5cdb4d8396f&scope=PROFILE:READ+PHONE:READ&response_type=code&redirect_url=",
            "prefixCls": "talkee",
            "render": undefined,
            "siteId": 6,
            "slug": "1234",
            "tweetTags": Array [],
          },
          "page": 1,
          "prefixCls": "talkee",
          "profile": null,
          "repliedCommentId": null,
          "repliedUserId": null,
          "sendComment": [Function],
          "siteId": "",
          "slug": "",
          "sortMethod": "favor_count",
          "total": 0,
          "totalPage": 1,
          "tweetTags": Array [],
        },
      ],
    ],
  },
  "_emittedByOrder": Array [
    Object {
      "args": Array [
        Talkee {
          "_isLogin": false,
          "apiBase": "",
          "applySortMethod": [Function],
          "auth": [Function],
          "buildCommentUI": [Function],
          "buildEditorUI": [Function],
          "buildLoadingUI": [Function],
          "buildLoginURL": [Function],
          "buildTalkeeUI": [Function],
          "checkTextareaStatus": [Function],
          "components": Object {},
          "container": null,
          "defaultAvatarUrl": "",
          "editorArea": null,
          "expandable": false,
          "init": [Function],
          "isSigned": false,
          "itemPerPage": 10,
          "loginUrl": "",
          "opts": Object {
            "apiBase": "https://talkee-test-api.firesbox.com/api",
            "commentSelector": "#talkee",
            "expandable": true,
            "hidePaginationWhenSinglePage": true,
            "loginRedirect": false,
            "loginUrl": "https://mixin-oauth.firesbox.com/?client_id=65fdd5af-5d3f-496a-9d62-b5cdb4d8396f&scope=PROFILE:READ+PHONE:READ&response_type=code&redirect_url=",
            "prefixCls": "talkee",
            "render": undefined,
            "siteId": 6,
            "slug": "1234",
            "tweetTags": Array [],
          },
          "page": 1,
          "prefixCls": "talkee",
          "profile": null,
          "repliedCommentId": null,
          "repliedUserId": null,
          "sendComment": [Function],
          "siteId": "",
          "slug": "",
          "sortMethod": "favor_count",
          "total": 0,
          "totalPage": 1,
          "tweetTags": Array [],
        },
      ],
      "name": "init",
    },
  ],
  "isFunctionalComponent": undefined,
}
`;

exports[`Talkee renders correctly 1`] = `
VueWrapper {
  "_emitted": Object {
    "init": Array [
      Array [
        Talkee {
          "_isLogin": false,
          "apiBase": "",
          "applySortMethod": [Function],
          "auth": [Function],
          "buildCommentUI": [Function],
          "buildEditorUI": [Function],
          "buildLoadingUI": [Function],
          "buildLoginURL": [Function],
          "buildTalkeeUI": [Function],
          "checkTextareaStatus": [Function],
          "components": Object {},
          "container": null,
          "defaultAvatarUrl": "",
          "editorArea": null,
          "expandable": false,
          "init": [Function],
          "isSigned": false,
          "itemPerPage": 10,
          "loginUrl": "",
          "opts": Object {
            "apiBase": "https://talkee-test-api.firesbox.com/api",
            "commentSelector": "#talkee",
            "expandable": true,
            "hidePaginationWhenSinglePage": true,
            "loginRedirect": false,
            "loginUrl": "https://mixin-oauth.firesbox.com/?client_id=65fdd5af-5d3f-496a-9d62-b5cdb4d8396f&scope=PROFILE:READ+PHONE:READ&response_type=code&redirect_url=",
            "prefixCls": "talkee",
            "render": undefined,
            "siteId": 6,
            "slug": "1234",
            "tweetTags": Array [],
          },
          "page": 1,
          "prefixCls": "talkee",
          "profile": null,
          "repliedCommentId": null,
          "repliedUserId": null,
          "sendComment": [Function],
          "siteId": "",
          "slug": "",
          "sortMethod": "favor_count",
          "total": 0,
          "totalPage": 1,
          "tweetTags": Array [],
        },
      ],
    ],
  },
  "_emittedByOrder": Array [
    Object {
      "args": Array [
        Talkee {
          "_isLogin": false,
          "apiBase": "",
          "applySortMethod": [Function],
          "auth": [Function],
          "buildCommentUI": [Function],
          "buildEditorUI": [Function],
          "buildLoadingUI": [Function],
          "buildLoginURL": [Function],
          "buildTalkeeUI": [Function],
          "checkTextareaStatus": [Function],
          "components": Object {},
          "container": null,
          "defaultAvatarUrl": "",
          "editorArea": null,
          "expandable": false,
          "init": [Function],
          "isSigned": false,
          "itemPerPage": 10,
          "loginUrl": "",
          "opts": Object {
            "apiBase": "https://talkee-test-api.firesbox.com/api",
            "commentSelector": "#talkee",
            "expandable": true,
            "hidePaginationWhenSinglePage": true,
            "loginRedirect": false,
            "loginUrl": "https://mixin-oauth.firesbox.com/?client_id=65fdd5af-5d3f-496a-9d62-b5cdb4d8396f&scope=PROFILE:READ+PHONE:READ&response_type=code&redirect_url=",
            "prefixCls": "talkee",
            "render": undefined,
            "siteId": 6,
            "slug": "1234",
            "tweetTags": Array [],
          },
          "page": 1,
          "prefixCls": "talkee",
          "profile": null,
          "repliedCommentId": null,
          "repliedUserId": null,
          "sendComment": [Function],
          "siteId": "",
          "slug": "",
          "sortMethod": "favor_count",
          "total": 0,
          "totalPage": 1,
          "tweetTags": Array [],
        },
      ],
      "name": "init",
    },
  ],
  "isFunctionalComponent": undefined,
}
`;
